[multim-html.vercel.app/app-landing/index.html]
[backblue.gif]
[fade.gif]
[index.html]
[multim-html.vercel.app/assets/css/plugins/fontawesome.min.css]
[multim-html.vercel.app/assets/css/plugins/bootstrap.min.css]
[multim-html.vercel.app/assets/css/plugins/lightgallery.min.css]
[multim-html.vercel.app/assets/css/plugins/slick.css]
[multim-html.vercel.app/assets/css/plugins/animate.css]
[multim-html.vercel.app/assets/css/style.css]
[multim-html.vercel.app/assets/css/theme_6.css]
[multim-html.vercel.app/assets/img/app-landing/hero-img.png]
[multim-html.vercel.app/assets/img/app-landing/about.png]
[multim-html.vercel.app/assets/img/app-landing/testimonial1.png]
[multim-html.vercel.app/assets/img/app-landing/testimonial2.png]
[multim-html.vercel.app/assets/img/app-landing/app_screenshort1.jpg]
[multim-html.vercel.app/assets/img/app-landing/app_screenshort2.jpg]
[multim-html.vercel.app/assets/img/app-landing/app_screenshort3.jpg]
[multim-html.vercel.app/assets/img/app-landing/member1.jpg]
[multim-html.vercel.app/assets/img/app-landing/member2.jpg]
[multim-html.vercel.app/assets/img/app-landing/cta-pattern.png]
[multim-html.vercel.app/assets/img/app-landing/cta-img.png]
[multim-html.vercel.app/app-landing/blog.html]
[multim-html.vercel.app/assets/img/app-landing/post1.jpg]
[multim-html.vercel.app/assets/img/app-landing/post2.jpg]
[multim-html.vercel.app/assets/img/app-landing/footer-bg.png]
[multim-html.vercel.app/assets/js/plugins/jquery-3.6.0.min.js]
[multim-html.vercel.app/assets/js/plugins/isotope.pkg.min.js]
[multim-html.vercel.app/assets/js/plugins/jquery.slick.min.js]
[multim-html.vercel.app/assets/js/plugins/lightgallery.min.js]
[multim-html.vercel.app/assets/js/plugins/jquery.counter.min.js]
[multim-html.vercel.app/assets/js/plugins/wow.min.js]
[multim-html.vercel.app/app-landing/index.html]
[multim-html.vercel.app/assets/css/plugins/fontawesome.min.css]
[multim-html.vercel.app/assets/css/plugins/bootstrap.min.css]
[multim-html.vercel.app/assets/js/main.js]
[multim-html.vercel.app/assets/css/img/vimeo-play.png]
[multim-html.vercel.app/assets/css/img/video-play.png]
[multim-html.vercel.app/assets/css/img/youtube-play.png]
[multim-html.vercel.app/assets/css/img/loading.gif]
[multim-html.vercel.app/assets/css/plugins/lightgallery.min.css]
[multim-html.vercel.app/assets/css/plugins/slick.css]
[multim-html.vercel.app/assets/css/plugins/animate.css]
[multim-html.vercel.app/assets/img/drag.png]
[multim-html.vercel.app/assets/css/style.css]
[multim-html.vercel.app/assets/css/theme_6.css]
[multim-html.vercel.app/assets/img/app-landing/member3.jpg]
[multim-html.vercel.app/assets/img/app-landing/member2.jpg]
[multim-html.vercel.app/assets/img/app-landing/post3.jpg]
[multim-html.vercel.app/assets/img/app-landing/post4.jpg]
[multim-html.vercel.app/assets/img/app-landing/post5.jpg]
[multim-html.vercel.app/assets/img/app-landing/post6.jpg]
[multim-html.vercel.app/app-landing/blog.html]
[multim-html.vercel.app/assets/css/img/vimeo-play.html]
[multim-html.vercel.app/assets/css/img/video-play.html]
[multim-html.vercel.app/assets/css/img/youtube-play.html]
[multim-html.vercel.app/assets/css/img/loading.html]
